Γû▓ Next.js 16.1.6 (Turbopack)

  Creating an optimized production build ...
node.exe : 
At C:\Program 
Files\nodejs\npx.ps1:29 char:3
+   & $NODE_EXE $NPX_CLI_JS 
$args
+   
~~~~~~~~~~~~~~~~~~~~~~~~~~~~~
    + CategoryInfo          : 
    NotSpecified: (:String)   
  [], RemoteException
    + FullyQualifiedErrorId : 
    NativeCommandError
 
> Build error occurred
Error: Turbopack build failed 
with 2 errors:
./components/core-deliverables
-pillars.tsx:291:9
Parsing ecmascript source 
code failed
[0m [90m 289 |[39m         
    [33m<[39m[33m/[39m[33
mdiv[39m[33m>[39m
 [90m 290 |[39m         [33
m<[39m[33m/[39m[33mdiv[39
m[33m>[39m
[31m[1m>[22m[39m[90m 291 
|[39m         [33m<[39m[33
m/[39m[33mdiv[39m[33m>[39
m
 [90m     |[39m         
[31m[1m^[22m[39m
 [90m 292 |[39m       [33m<
[39m[33m/[39m[33mdiv[39m
[33m>[39m
 [90m 293 |[39m     [33m<[
39m[33m/[39m[33msection[39
m[33m>[39m
 [90m 294 |[39m   )[0m

Expression expected

Import trace:
  Server Component:
    ./components/core-delivera
bles-pillars.tsx
    ./app/page.tsx


./components/core-deliverables
-pillars.tsx:291:10
Parsing ecmascript source 
code failed
[0m [90m 289 |[39m         
    [33m<[39m[33m/[39m[33
mdiv[39m[33m>[39m
 [90m 290 |[39m         [33
m<[39m[33m/[39m[33mdiv[39
m[33m>[39m
[31m[1m>[22m[39m[90m 291 
|[39m         [33m<[39m[33
m/[39m[33mdiv[39m[33m>[39
m
 [90m     |[39m          [3
1m[1m^[22m[39m[31m[1m^[2
2m[39m[31m[1m^[22m[39m[3
1m[1m^[22m[39m[31m[1m^[2
2m[39m
 [90m 292 |[39m       [33m<
[39m[33m/[39m[33mdiv[39m
[33m>[39m
 [90m 293 |[39m     [33m<[
39m[33m/[39m[33msection[39
m[33m>[39m
 [90m 294 |[39m   )[0m

Unterminated regexp literal

Import trace:
  Server Component:
    ./components/core-delivera
bles-pillars.tsx
    ./app/page.tsx


    at <unknown> (./components
/core-deliverables-pillars.tsx
:291:9)
    at <unknown> (./components
/core-deliverables-pillars.tsx
:291:10)
